Properties Snapshot of Test System: test30 - 2011-04-11 11:48:08.148

Properties for:  FLEX_MAIN:427455879 - 2011-04-11 11:48:08.148
---------------

UIM Active (UIMActive): Boolean Value=false

---------------

FLEX Auction Min Max Response Time (FLEXAuctionMinMaxResponseTime): Min Response Time=0, Max Response Time=0

---------------

Rollout Flag By BC (RolloutFlagByBC): BCId=0, Rollout=false

---------------

Auction Receiver Types (auctionreceivertypes): 

---------------

Auction Order Ticks Away From NBBO (auctionorderticksawayfromnbbo): 

---------------

Internalization Guaranteed Percentage (internalizationguaranteedpercentage): 

---------------

Allocation Strategy (allocationstrategy): 

---------------

Auto Execute Eligible Strategy Types (autoexeligiblestrategytypes): 

---------------

Auction Minimum Price Increment (auctionminpriceincrement): 

---------------

DPM Rights Scales (dpmrightsscales): 

---------------

Contingency Time to Live (contingencytimetolive): Integer Value=0

---------------

Auction Minimum Order Size For Ticks Above NBBO (auctionminordersizeforticksabovenbbo): 

---------------

Auction Minimum Quoters (auctionminquoters): 

---------------

Auction Time To Live (auctiontimetolive): 

---------------

Exchange Prescribed Width (epwstruct): 

---------------

Auction Enabled (auctionenabled): 

---------------

